
> fridgemind@0.1.0 build
> next build

▲ Next.js 16.2.4 (Turbopack)
- Environments: .env.local

  Creating an optimized production build ...
✓ Compiled successfully in 3.7s
  Running TypeScript ...
  Finished TypeScript in 4.3s ...
  Collecting page data using 9 workers ...
  Generating static pages using 9 workers (0/20) ...
  Generating static pages using 9 workers (5/20) 
  Generating static pages using 9 workers (10/20) 
  Generating static pages using 9 workers (15/20) 
✓ Generating static pages using 9 workers (20/20) in 335ms
  Finalizing page optimization ...

Route (app)
┌ ○ /
├ ○ /_not-found
├ ƒ /api/ai/nutrition
├ ƒ /api/ai/recipes
├ ƒ /api/ai/shopping
├ ƒ /api/ai/vision
├ ƒ /api/fridge/action
├ ƒ /api/notifications/whatsapp
├ ƒ /api/system/cleanup
├ ƒ /auth/callback
├ ○ /fridge
├ ○ /login
├ ○ /nutrition
├ ○ /profile
├ ○ /recipes
├ ○ /rewards
├ ○ /shopping
└ ○ /waste


ƒ Proxy (Middleware)

○  (Static)   prerendered as static content
ƒ  (Dynamic)  server-rendered on demand

